// Jest Snapshot v1, https://goo.gl/fbAQLP

exports[`test generateStyle generateStyle should work 1`] = `
"<style scoped>
.container {
  width: 100%;
  height: 100%;
}
</style>

<style>
.submit-container {
  width: 100%;
  height: 100%;
}
</style>"
`;
